// Jest Snapshot v1, https://goo.gl/fbAQLP

exports[`Search should render OK 1`] = `
<div>
  <div>
    <form
      class="form"
    >
      <input
        class="input"
        placeholder="Nunca dejes de buscar"
        title="Escribi tu texto de busqueda aqui"
        type="text"
        value=""
      />
      <button
        class="button button"
        disabled=""
        type="submit"
      >
        <img
          alt="Buscar"
          class="icon"
          src="/assets/ic_Search@2x.png.png.png"
        />
      </button>
    </form>
  </div>
</div>
`;
